   Compiling proc-macro2 v1.0.106
   Compiling quote v1.0.46
   Compiling unicode-ident v1.0.24
   Compiling glob v0.3.3
   Compiling prettyplease v0.2.37
   Compiling libc v0.2.186
   Compiling regex-syntax v0.8.11
   Compiling memchr v2.8.3
   Compiling cfg-if v1.0.4
   Compiling minimal-lexical v0.2.1
   Compiling either v1.16.0
   Compiling bindgen v0.72.1
   Compiling rustc-hash v2.1.3
   Compiling log v0.4.33
   Compiling shlex v1.3.0
   Compiling bitflags v2.13.0
   Compiling metacall-sys v0.1.5
   Compiling libloading v0.8.9
   Compiling itertools v0.13.0
   Compiling clang-sys v1.8.1
   Compiling nom v7.1.3
   Compiling syn v2.0.118
   Compiling metacall-inline v0.2.0
   Compiling regex-automata v0.4.15
   Compiling cexpr v0.6.0
   Compiling regex v1.13.0
   Compiling metacall v0.5.10 (/tmp/unialloc-blocked-reattempt-20260714/subjects/metacall-0.5.10)
warning: metacall@0.5.10: MetaCall library not found. Searched in: /usr/local/lib/, /gnu/lib/. If you have it installed elsewhere, set METACALL_INSTALL_PATH environment variable.
error: failed to run custom build command for `metacall v0.5.10 (/tmp/unialloc-blocked-reattempt-20260714/subjects/metacall-0.5.10)`

Caused by:
  process didn't exit successfully: `/tmp/unialloc-blocked-reattempt-20260714/projects/RSH-073/vulnerable/target/debug/build/metacall-2fe5a22c75675ff3/build-script-build` (exit status: 1)
  --- stdout
  cargo:warning=MetaCall library not found. Searched in: /usr/local/lib/, /gnu/lib/. If you have it installed elsewhere, set METACALL_INSTALL_PATH environment variable.
