   Compiling abi_stable v0.9.1 (/tmp/unialloc-blocked-reattempt-20260714/subjects/abi_stable-0.9.1)
warning: derive helper attribute is used before it is introduced
  --> /tmp/unialloc-blocked-reattempt-20260714/subjects/abi_stable-0.9.1/src/std_types/map/iterator_stuff.rs:35:7
   |
16 |         #[derive(StableAbi)]
   |                  --------- the attribute is introduced here
...
35 |     #[sabi(impl_InterfaceType(Iterator,Clone))]
   |       ^^^^
   |
   = note: `#[warn(legacy_derive_helpers)]` on by default
   = warning: this was previously accepted by the compiler but is being phased out; it will become a hard error in a future release!
   = note: for more information, see issue #79202 <https://github.com/rust-lang/rust/issues/79202>

warning: derive helper attribute is used before it is introduced
  --> /tmp/unialloc-blocked-reattempt-20260714/subjects/abi_stable-0.9.1/src/std_types/map/iterator_stuff.rs:44:7
   |
16 |         #[derive(StableAbi)]
   |                  --------- the attribute is introduced here
...
44 |     #[sabi(impl_InterfaceType(Iterator))]
   |       ^^^^
   |
   = warning: this was previously accepted by the compiler but is being phased out; it will become a hard error in a future release!
   = note: for more information, see issue #79202 <https://github.com/rust-lang/rust/issues/79202>

warning: derive helper attribute is used before it is introduced
  --> /tmp/unialloc-blocked-reattempt-20260714/subjects/abi_stable-0.9.1/src/std_types/map/iterator_stuff.rs:53:7
   |
16 |         #[derive(StableAbi)]
   |                  --------- the attribute is introduced here
...
53 |     #[sabi(impl_InterfaceType(Iterator))]
   |       ^^^^
   |
   = warning: this was previously accepted by the compiler but is being phased out; it will become a hard error in a future release!
   = note: for more information, see issue #79202 <https://github.com/rust-lang/rust/issues/79202>

warning: fields `type_`, `type_size`, `type_alignment`, `storage_`, `storage_size` and `storage_alignment` are never read
  --> /tmp/unialloc-blocked-reattempt-20260714/subjects/abi_stable-0.9.1/src/nonexhaustive_enum.rs:66:9
   |
65 |     struct TypeAndStorageLayout{
   |            -------------------- fields in this struct
66 |         type_:&'static str,
   |         ^^^^^^^^^^^^^^^^^^
67 |         type_size:usize,
   |         ^^^^^^^^^^^^^^^
68 |         type_alignment:usize,
   |         ^^^^^^^^^^^^^^^^^^^^
69 |         storage_:&'static str,
   |         ^^^^^^^^^^^^^^^^^^^^^
70 |         storage_size:usize,
   |         ^^^^^^^^^^^^^^^^^^
71 |         storage_alignment:usize,
   |         ^^^^^^^^^^^^^^^^^^^^^^^
   |
   = note: `#[warn(dead_code)]` on by default
   = note: `TypeAndStorageLayout` has a derived impl for the trait `Debug`, but this is intentionally ignored during dead code analysis

warning: fields `key_in_map` and `type_` are never read
   --> /tmp/unialloc-blocked-reattempt-20260714/subjects/abi_stable-0.9.1/src/type_layout/printing.rs:360:5
    |
359 | struct TypeLayoutPointer{
    |        ----------------- fields in this struct
360 |     key_in_map:Option<usize>,
    |     ^^^^^^^^^^^^^^^^^^^^^^^^
361 |     type_:FmtFullType,
    |     ^^^^^^^^^^^^^^^^^
    |
    = note: `TypeLayoutPointer` has a derived impl for the trait `Debug`, but this is intentionally ignored during dead code analysis

warning: `abi_stable` (lib) generated 5 warnings
   Compiling rsh-054-harness v0.0.0 (/tmp/unialloc-blocked-reattempt-20260714/projects/RSH-054/patched)
    Finished dev [unoptimized + debuginfo] target(s) in 5.13s
     Running `/home/hanqing/.rustup/toolchains/nightly-2022-07-01-x86_64-unknown-linux-gnu/bin/cargo-miri target/miri/x86_64-unknown-linux-gnu/debug/rsh-054-harness`
Dropping 0
Dropping 1
thread 'main' panicked at 'published drain-filter panic point', src/main.rs:37:13
note: run with `RUST_BACKTRACE=1` environment variable to display a backtrace
Dropping 4
Dropping 5
Dropping 6
