warning: ../subject/mail-internals-0.2.3/Cargo.toml: `package.edition` is unspecified, defaulting to `2015` while the latest is `2024`
warning: `mail-internals` (manifest) generated 1 warning
   Compiling proc-macro2 v1.0.106
   Compiling quote v1.0.46
   Compiling libc v0.2.186
   Compiling unicode-ident v1.0.24
   Compiling syn v1.0.109
   Compiling autocfg v1.5.1
   Compiling object v0.37.3
   Compiling num-traits v0.2.19
   Compiling tinyvec_macros v0.1.1
   Compiling gimli v0.32.3
   Compiling unicode-xid v0.2.6
   Compiling memchr v2.8.3
   Compiling failure_derive v0.1.8
   Compiling lazy_static v0.2.11
   Compiling adler2 v2.0.1
   Compiling miniz_oxide v0.8.9
   Compiling lut v0.1.0-unstable
   Compiling tinyvec v1.12.0
   Compiling addr2line v0.25.1
   Compiling synstructure v0.12.6
   Compiling cfg-if v1.0.4
   Compiling percent-encoding v1.0.1
   Compiling quoted-string v0.6.1
   Compiling rustc-demangle v0.1.28
   Compiling media-type-impl-utils v0.3.0-unstable
   Compiling unicode-normalization v0.1.25
   Compiling memchr v1.0.2
   Compiling unicode-bidi v0.3.18
   Compiling byteorder v1.5.0
   Compiling matches v0.1.10
   Compiling iana-time-zone v0.1.65
   Compiling safemem v0.2.0
   Compiling base64 v0.6.0
   Compiling chrono v0.4.45
   Compiling idna v0.1.5
   Compiling nom v3.2.1
   Compiling backtrace v0.3.76
   Compiling media-type v0.4.0-unstable
   Compiling soft-ascii-string v1.1.0
   Compiling failure v0.1.8
   Compiling quoted_printable v0.4.8
   Compiling vec1 v1.12.1
   Compiling mail-internals v0.2.3 (/home/hanqing/alloc/UniAlloc-rustsec-auto-coverage/docs/evidence/rustsec-typeiso-automatic-20260715/runs/RSH-065/arms/vulnerable/typed_plain/work/subject/mail-internals-0.2.3)
warning: `...` range patterns are deprecated
  --> /home/hanqing/alloc/UniAlloc-rustsec-auto-coverage/docs/evidence/rustsec-typeiso-automatic-20260715/runs/RSH-065/arms/vulnerable/typed_plain/work/subject/mail-internals-0.2.3/src/grammar.rs:81:12
   |
81 |         '!'...'\'' |
   |            ^^^ help: use `..=` for an inclusive range
   |
   = warning: this is accepted in the current edition (Rust 2015) but is a hard error in Rust 2021!
   = note: for more information, see <https://doc.rust-lang.org/edition-guide/rust-2021/warnings-promoted-to-error.html>
   = note: `#[warn(ellipsis_inclusive_range_patterns)]` (part of `#[warn(rust_2021_compatibility)]`) on by default

warning: `...` range patterns are deprecated
  --> /home/hanqing/alloc/UniAlloc-rustsec-auto-coverage/docs/evidence/rustsec-typeiso-automatic-20260715/runs/RSH-065/arms/vulnerable/typed_plain/work/subject/mail-internals-0.2.3/src/grammar.rs:82:12
   |
82 |         '*'...'[' |
   |            ^^^ help: use `..=` for an inclusive range
   |
   = warning: this is accepted in the current edition (Rust 2015) but is a hard error in Rust 2021!
   = note: for more information, see <https://doc.rust-lang.org/edition-guide/rust-2021/warnings-promoted-to-error.html>

warning: `...` range patterns are deprecated
  --> /home/hanqing/alloc/UniAlloc-rustsec-auto-coverage/docs/evidence/rustsec-typeiso-automatic-20260715/runs/RSH-065/arms/vulnerable/typed_plain/work/subject/mail-internals-0.2.3/src/grammar.rs:83:12
   |
83 |         ']'...'~' => true,
   |            ^^^ help: use `..=` for an inclusive range
   |
   = warning: this is accepted in the current edition (Rust 2015) but is a hard error in Rust 2021!
   = note: for more information, see <https://doc.rust-lang.org/edition-guide/rust-2021/warnings-promoted-to-error.html>

warning: `...` range patterns are deprecated
   --> /home/hanqing/alloc/UniAlloc-rustsec-auto-coverage/docs/evidence/rustsec-typeiso-automatic-20260715/runs/RSH-065/arms/vulnerable/typed_plain/work/subject/mail-internals-0.2.3/src/grammar.rs:133:11
    |
133 |         33...90 |
    |           ^^^ help: use `..=` for an inclusive range
    |
    = warning: this is accepted in the current edition (Rust 2015) but is a hard error in Rust 2021!
    = note: for more information, see <https://doc.rust-lang.org/edition-guide/rust-2021/warnings-promoted-to-error.html>

warning: `...` range patterns are deprecated
   --> /home/hanqing/alloc/UniAlloc-rustsec-auto-coverage/docs/evidence/rustsec-typeiso-automatic-20260715/runs/RSH-065/arms/vulnerable/typed_plain/work/subject/mail-internals-0.2.3/src/grammar.rs:134:11
    |
134 |         94...126 => true,
    |           ^^^ help: use `..=` for an inclusive range
    |
    = warning: this is accepted in the current edition (Rust 2015) but is a hard error in Rust 2021!
    = note: for more information, see <https://doc.rust-lang.org/edition-guide/rust-2021/warnings-promoted-to-error.html>

warning: `...` range patterns are deprecated
   --> /home/hanqing/alloc/UniAlloc-rustsec-auto-coverage/docs/evidence/rustsec-typeiso-automatic-20260715/runs/RSH-065/arms/vulnerable/typed_plain/work/subject/mail-internals-0.2.3/src/grammar.rs:145:12
    |
145 |         '#'...'[' |
    |            ^^^ help: use `..=` for an inclusive range
    |
    = warning: this is accepted in the current edition (Rust 2015) but is a hard error in Rust 2021!
    = note: for more information, see <https://doc.rust-lang.org/edition-guide/rust-2021/warnings-promoted-to-error.html>

warning: `...` range patterns are deprecated
   --> /home/hanqing/alloc/UniAlloc-rustsec-auto-coverage/docs/evidence/rustsec-typeiso-automatic-20260715/runs/RSH-065/arms/vulnerable/typed_plain/work/subject/mail-internals-0.2.3/src/grammar.rs:147:12
    |
147 |         ']'...'~' => true,
    |            ^^^ help: use `..=` for an inclusive range
    |
    = warning: this is accepted in the current edition (Rust 2015) but is a hard error in Rust 2021!
    = note: for more information, see <https://doc.rust-lang.org/edition-guide/rust-2021/warnings-promoted-to-error.html>

warning: `...` range patterns are deprecated
   --> /home/hanqing/alloc/UniAlloc-rustsec-auto-coverage/docs/evidence/rustsec-typeiso-automatic-20260715/runs/RSH-065/arms/vulnerable/typed_plain/work/subject/mail-internals-0.2.3/src/grammar.rs:334:16
    |
334 |             '0'...'9' |
    |                ^^^ help: use `..=` for an inclusive range
    |
    = warning: this is accepted in the current edition (Rust 2015) but is a hard error in Rust 2021!
    = note: for more information, see <https://doc.rust-lang.org/edition-guide/rust-2021/warnings-promoted-to-error.html>

warning: `...` range patterns are deprecated
   --> /home/hanqing/alloc/UniAlloc-rustsec-auto-coverage/docs/evidence/rustsec-typeiso-automatic-20260715/runs/RSH-065/arms/vulnerable/typed_plain/work/subject/mail-internals-0.2.3/src/grammar.rs:335:16
    |
335 |             'a'...'z' |
    |                ^^^ help: use `..=` for an inclusive range
    |
    = warning: this is accepted in the current edition (Rust 2015) but is a hard error in Rust 2021!
    = note: for more information, see <https://doc.rust-lang.org/edition-guide/rust-2021/warnings-promoted-to-error.html>

warning: `...` range patterns are deprecated
   --> /home/hanqing/alloc/UniAlloc-rustsec-auto-coverage/docs/evidence/rustsec-typeiso-automatic-20260715/runs/RSH-065/arms/vulnerable/typed_plain/work/subject/mail-internals-0.2.3/src/grammar.rs:336:16
    |
336 |             'A'...'Z' |
    |                ^^^ help: use `..=` for an inclusive range
    |
    = warning: this is accepted in the current edition (Rust 2015) but is a hard error in Rust 2021!
    = note: for more information, see <https://doc.rust-lang.org/edition-guide/rust-2021/warnings-promoted-to-error.html>

warning: `...` range patterns are deprecated
   --> /home/hanqing/alloc/UniAlloc-rustsec-auto-coverage/docs/evidence/rustsec-typeiso-automatic-20260715/runs/RSH-065/arms/vulnerable/typed_plain/work/subject/mail-internals-0.2.3/src/bind/quoted_printable.rs:124:21
    |
124 |                 b'0'...b'9' |
    |                     ^^^ help: use `..=` for an inclusive range
    |
    = warning: this is accepted in the current edition (Rust 2015) but is a hard error in Rust 2021!
    = note: for more information, see <https://doc.rust-lang.org/edition-guide/rust-2021/warnings-promoted-to-error.html>

warning: `...` range patterns are deprecated
   --> /home/hanqing/alloc/UniAlloc-rustsec-auto-coverage/docs/evidence/rustsec-typeiso-automatic-20260715/runs/RSH-065/arms/vulnerable/typed_plain/work/subject/mail-internals-0.2.3/src/bind/quoted_printable.rs:125:21
    |
125 |                 b'A'...b'Z' |
    |                     ^^^ help: use `..=` for an inclusive range
    |
    = warning: this is accepted in the current edition (Rust 2015) but is a hard error in Rust 2021!
    = note: for more information, see <https://doc.rust-lang.org/edition-guide/rust-2021/warnings-promoted-to-error.html>

warning: `...` range patterns are deprecated
   --> /home/hanqing/alloc/UniAlloc-rustsec-auto-coverage/docs/evidence/rustsec-typeiso-automatic-20260715/runs/RSH-065/arms/vulnerable/typed_plain/work/subject/mail-internals-0.2.3/src/bind/quoted_printable.rs:126:21
    |
126 |                 b'a'...b'z'  => {
    |                     ^^^ help: use `..=` for an inclusive range
    |
    = warning: this is accepted in the current edition (Rust 2015) but is a hard error in Rust 2021!
    = note: for more information, see <https://doc.rust-lang.org/edition-guide/rust-2021/warnings-promoted-to-error.html>

warning: trait objects without an explicit `dyn` are deprecated
  --> /home/hanqing/alloc/UniAlloc-rustsec-auto-coverage/docs/evidence/rustsec-typeiso-automatic-20260715/runs/RSH-065/arms/vulnerable/typed_plain/work/subject/mail-internals-0.2.3/src/encoder/encodable.rs:18:34
   |
18 |     fn boxed_clone(&self) -> Box<EncodableInHeader>;
   |                                  ^^^^^^^^^^^^^^^^^
   |
   = warning: this is accepted in the current edition (Rust 2015) but is a hard error in Rust 2021!
   = note: for more information, see <https://doc.rust-lang.org/edition-guide/rust-2021/warnings-promoted-to-error.html>
   = note: `#[warn(bare_trait_objects)]` (part of `#[warn(rust_2021_compatibility)]`) on by default
help: if this is a dyn-compatible trait, use `dyn`
   |
18 |     fn boxed_clone(&self) -> Box<dyn EncodableInHeader>;
   |                                  +++

warning: trait objects without an explicit `dyn` are deprecated
  --> /home/hanqing/alloc/UniAlloc-rustsec-auto-coverage/docs/evidence/rustsec-typeiso-automatic-20260715/runs/RSH-065/arms/vulnerable/typed_plain/work/subject/mail-internals-0.2.3/src/encoder/encodable.rs:27:6
   |
27 | impl EncodableInHeader {
   |      ^^^^^^^^^^^^^^^^^
   |
   = warning: this is accepted in the current edition (Rust 2015) but is a hard error in Rust 2021!
   = note: for more information, see <https://doc.rust-lang.org/edition-guide/rust-2021/warnings-promoted-to-error.html>
help: if this is a dyn-compatible trait, use `dyn`
   |
27 | impl dyn EncodableInHeader {
   |      +++
help: you might have intended to implement this trait for a given type
   |
27 | impl EncodableInHeader for /* Type */ {
   |                        ++++++++++++++

warning: trait objects without an explicit `dyn` are deprecated
  --> /home/hanqing/alloc/UniAlloc-rustsec-auto-coverage/docs/evidence/rustsec-typeiso-automatic-20260715/runs/RSH-065/arms/vulnerable/typed_plain/work/subject/mail-internals-0.2.3/src/encoder/encodable.rs:66:38
   |
66 | impl EncodableInHeaderBoxExt for Box<EncodableInHeader> {
   |                                      ^^^^^^^^^^^^^^^^^
   |
   = warning: this is accepted in the current edition (Rust 2015) but is a hard error in Rust 2021!
   = note: for more information, see <https://doc.rust-lang.org/edition-guide/rust-2021/warnings-promoted-to-error.html>
help: if this is a dyn-compatible trait, use `dyn`
   |
66 | impl EncodableInHeaderBoxExt for Box<dyn EncodableInHeader> {
   |                                      +++

warning: trait objects without an explicit `dyn` are deprecated
  --> /home/hanqing/alloc/UniAlloc-rustsec-auto-coverage/docs/evidence/rustsec-typeiso-automatic-20260715/runs/RSH-065/arms/vulnerable/typed_plain/work/subject/mail-internals-0.2.3/src/encoder/encodable.rs:78:38
   |
78 | impl EncodableInHeaderBoxExt for Box<EncodableInHeader+Send> {
   |                                      ^^^^^^^^^^^^^^^^^^^^^^
   |
   = warning: this is accepted in the current edition (Rust 2015) but is a hard error in Rust 2021!
   = note: for more information, see <https://doc.rust-lang.org/edition-guide/rust-2021/warnings-promoted-to-error.html>
help: if this is a dyn-compatible trait, use `dyn`
   |
78 | impl EncodableInHeaderBoxExt for Box<dyn EncodableInHeader+Send> {
   |                                      +++

warning: trait objects without an explicit `dyn` are deprecated
   --> /home/hanqing/alloc/UniAlloc-rustsec-auto-coverage/docs/evidence/rustsec-typeiso-automatic-20260715/runs/RSH-065/arms/vulnerable/typed_plain/work/subject/mail-internals-0.2.3/src/encoder/encodable.rs:165:34
    |
165 |     fn boxed_clone(&self) -> Box<EncodableInHeader> {
    |                                  ^^^^^^^^^^^^^^^^^
    |
    = warning: this is accepted in the current edition (Rust 2015) but is a hard error in Rust 2021!
    = note: for more information, see <https://doc.rust-lang.org/edition-guide/rust-2021/warnings-promoted-to-error.html>
help: if this is a dyn-compatible trait, use `dyn`
    |
165 |     fn boxed_clone(&self) -> Box<dyn EncodableInHeader> {
    |                                  +++

warning: trait objects without an explicit `dyn` are deprecated
  --> /home/hanqing/alloc/UniAlloc-rustsec-auto-coverage/docs/evidence/rustsec-typeiso-automatic-20260715/runs/RSH-065/arms/vulnerable/typed_plain/work/subject/mail-internals-0.2.3/src/encoder/encodable.rs:54:20
   |
54 | impl Clone for Box<EncodableInHeader> {
   |                    ^^^^^^^^^^^^^^^^^
   |
   = warning: this is accepted in the current edition (Rust 2015) but is a hard error in Rust 2021!
   = note: for more information, see <https://doc.rust-lang.org/edition-guide/rust-2021/warnings-promoted-to-error.html>
help: if this is a dyn-compatible trait, use `dyn`
   |
54 | impl Clone for Box<dyn EncodableInHeader> {
   |                    +++

warning: trait objects without an explicit `dyn` are deprecated
   --> /home/hanqing/alloc/UniAlloc-rustsec-auto-coverage/docs/evidence/rustsec-typeiso-automatic-20260715/runs/RSH-065/arms/vulnerable/typed_plain/work/subject/mail-internals-0.2.3/src/error.rs:154:32
    |
154 |     fn cause(&self) -> Option<&Fail> {
    |                                ^^^^
    |
    = warning: this is accepted in the current edition (Rust 2015) but is a hard error in Rust 2021!
    = note: for more information, see <https://doc.rust-lang.org/edition-guide/rust-2021/warnings-promoted-to-error.html>
help: if this is a dyn-compatible trait, use `dyn`
    |
154 |     fn cause(&self) -> Option<&dyn Fail> {
    |                                +++

warning: trait objects without an explicit `dyn` are deprecated
   --> /home/hanqing/alloc/UniAlloc-rustsec-auto-coverage/docs/evidence/rustsec-typeiso-automatic-20260715/runs/RSH-065/arms/vulnerable/typed_plain/work/subject/mail-internals-0.2.3/src/encoder/encodable.rs:122:34
    |
122 |     fn boxed_clone(&self) -> Box<EncodableInHeader> {
    |                                  ^^^^^^^^^^^^^^^^^
    |
    = warning: this is accepted in the current edition (Rust 2015) but is a hard error in Rust 2021!
    = note: for more information, see <https://doc.rust-lang.org/edition-guide/rust-2021/warnings-promoted-to-error.html>
help: if this is a dyn-compatible trait, use `dyn`
    |
122 |     fn boxed_clone(&self) -> Box<dyn EncodableInHeader> {
    |                                  +++

warning: trait objects without an explicit `dyn` are deprecated
  --> /home/hanqing/alloc/UniAlloc-rustsec-auto-coverage/docs/evidence/rustsec-typeiso-automatic-20260715/runs/RSH-065/arms/vulnerable/typed_plain/work/subject/mail-internals-0.2.3/src/encoder/encodable.rs:38:47
   |
38 |             Some( unsafe { &*( self as *const EncodableInHeader as *const T) } )
   |                                               ^^^^^^^^^^^^^^^^^
   |
   = warning: this is accepted in the current edition (Rust 2015) but is a hard error in Rust 2021!
   = note: for more information, see <https://doc.rust-lang.org/edition-guide/rust-2021/warnings-promoted-to-error.html>
help: if this is a dyn-compatible trait, use `dyn`
   |
38 |             Some( unsafe { &*( self as *const dyn EncodableInHeader as *const T) } )
   |                                               +++

warning: trait objects without an explicit `dyn` are deprecated
  --> /home/hanqing/alloc/UniAlloc-rustsec-auto-coverage/docs/evidence/rustsec-typeiso-automatic-20260715/runs/RSH-065/arms/vulnerable/typed_plain/work/subject/mail-internals-0.2.3/src/encoder/encodable.rs:47:49
   |
47 |             Some( unsafe { &mut *( self as *mut EncodableInHeader as *mut T) } )
   |                                                 ^^^^^^^^^^^^^^^^^
   |
   = warning: this is accepted in the current edition (Rust 2015) but is a hard error in Rust 2021!
   = note: for more information, see <https://doc.rust-lang.org/edition-guide/rust-2021/warnings-promoted-to-error.html>
help: if this is a dyn-compatible trait, use `dyn`
   |
47 |             Some( unsafe { &mut *( self as *mut dyn EncodableInHeader as *mut T) } )
   |                                                 +++

warning: trait objects without an explicit `dyn` are deprecated
  --> /home/hanqing/alloc/UniAlloc-rustsec-auto-coverage/docs/evidence/rustsec-typeiso-automatic-20260715/runs/RSH-065/arms/vulnerable/typed_plain/work/subject/mail-internals-0.2.3/src/encoder/encodable.rs:69:12
   |
69 |         if EncodableInHeader::is::<T>(&*self) {
   |            ^^^^^^^^^^^^^^^^^
   |
   = warning: this is accepted in the current edition (Rust 2015) but is a hard error in Rust 2021!
   = note: for more information, see <https://doc.rust-lang.org/edition-guide/rust-2021/warnings-promoted-to-error.html>
help: if this is a dyn-compatible trait, use `dyn`
   |
69 |         if <dyn EncodableInHeader>::is::<T>(&*self) {
   |            ++++                  +

warning: trait objects without an explicit `dyn` are deprecated
  --> /home/hanqing/alloc/UniAlloc-rustsec-auto-coverage/docs/evidence/rustsec-typeiso-automatic-20260715/runs/RSH-065/arms/vulnerable/typed_plain/work/subject/mail-internals-0.2.3/src/encoder/encodable.rs:70:27
   |
70 |             let ptr: *mut EncodableInHeader = Box::into_raw(self);
   |                           ^^^^^^^^^^^^^^^^^
   |
   = warning: this is accepted in the current edition (Rust 2015) but is a hard error in Rust 2021!
   = note: for more information, see <https://doc.rust-lang.org/edition-guide/rust-2021/warnings-promoted-to-error.html>
help: if this is a dyn-compatible trait, use `dyn`
   |
70 |             let ptr: *mut dyn EncodableInHeader = Box::into_raw(self);
   |                           +++

warning: trait objects without an explicit `dyn` are deprecated
  --> /home/hanqing/alloc/UniAlloc-rustsec-auto-coverage/docs/evidence/rustsec-typeiso-automatic-20260715/runs/RSH-065/arms/vulnerable/typed_plain/work/subject/mail-internals-0.2.3/src/encoder/encodable.rs:81:12
   |
81 |         if EncodableInHeader::is::<T>(&*self) {
   |            ^^^^^^^^^^^^^^^^^
   |
   = warning: this is accepted in the current edition (Rust 2015) but is a hard error in Rust 2021!
   = note: for more information, see <https://doc.rust-lang.org/edition-guide/rust-2021/warnings-promoted-to-error.html>
help: if this is a dyn-compatible trait, use `dyn`
   |
81 |         if <dyn EncodableInHeader>::is::<T>(&*self) {
   |            ++++                  +

warning: trait objects without an explicit `dyn` are deprecated
  --> /home/hanqing/alloc/UniAlloc-rustsec-auto-coverage/docs/evidence/rustsec-typeiso-automatic-20260715/runs/RSH-065/arms/vulnerable/typed_plain/work/subject/mail-internals-0.2.3/src/encoder/encodable.rs:82:27
   |
82 |             let ptr: *mut EncodableInHeader = Box::into_raw(self);
   |                           ^^^^^^^^^^^^^^^^^
   |
   = warning: this is accepted in the current edition (Rust 2015) but is a hard error in Rust 2021!
   = note: for more information, see <https://doc.rust-lang.org/edition-guide/rust-2021/warnings-promoted-to-error.html>
help: if this is a dyn-compatible trait, use `dyn`
   |
82 |             let ptr: *mut dyn EncodableInHeader = Box::into_raw(self);
   |                           +++

warning: non-local `impl` definition, `impl` blocks should be written at the same level as their item
  --> /home/hanqing/alloc/UniAlloc-rustsec-auto-coverage/docs/evidence/rustsec-typeiso-automatic-20260715/runs/RSH-065/arms/vulnerable/typed_plain/work/subject/mail-internals-0.2.3/src/error.rs:12:30
   |
12 | #[derive(Copy, Clone, Debug, Fail, PartialEq, Eq, Hash)]
   |                              ^---
   |                              |
   |                              `Fail` is not local
   |                              move the `impl` block outside of this constant `_DERIVE_failure_Fail_FOR_EncodingErrorKind`
13 | pub enum EncodingErrorKind {
   |          ----------------- `EncodingErrorKind` is not local
   |
   = note: the derive macro `Fail` defines the non-local `impl`, and may need to be changed
   = note: the derive macro `Fail` may come from an old version of the `failure_derive` crate, try updating your dependency with `cargo update -p failure_derive`
   = note: an `impl` is never scoped, even when it is nested inside an item, as it may impact type checking outside of that item, which can be the case if neither the trait or the self type are at the same nesting level as the `impl`
   = note: items in an anonymous const item (`const _: () = { ... }`) are treated as in the same scope as the anonymous const's declaration for the purpose of this lint
   = note: `#[warn(non_local_definitions)]` on by default
   = note: this warning originates in the derive macro `Fail` (in Nightly builds, run with -Z macro-backtrace for more info)

warning: non-local `impl` definition, `impl` blocks should be written at the same level as their item
  --> /home/hanqing/alloc/UniAlloc-rustsec-auto-coverage/docs/evidence/rustsec-typeiso-automatic-20260715/runs/RSH-065/arms/vulnerable/typed_plain/work/subject/mail-internals-0.2.3/src/error.rs:12:30
   |
12 | #[derive(Copy, Clone, Debug, Fail, PartialEq, Eq, Hash)]
   |                              ^---
   |                              |
   |                              `Display` is not local
   |                              move the `impl` block outside of this constant `_DERIVE_failure_core_fmt_Display_FOR_EncodingErrorKind`
13 | pub enum EncodingErrorKind {
   |          ----------------- `EncodingErrorKind` is not local
   |
   = note: the derive macro `Fail` defines the non-local `impl`, and may need to be changed
   = note: the derive macro `Fail` may come from an old version of the `failure_derive` crate, try updating your dependency with `cargo update -p failure_derive`
   = note: an `impl` is never scoped, even when it is nested inside an item, as it may impact type checking outside of that item, which can be the case if neither the trait or the self type are at the same nesting level as the `impl`
   = note: items in an anonymous const item (`const _: () = { ... }`) are treated as in the same scope as the anonymous const's declaration for the purpose of this lint
   = note: this warning originates in the derive macro `Fail` (in Nightly builds, run with -Z macro-backtrace for more info)

warning: hiding a lifetime that's elided elsewhere is confusing
  --> /home/hanqing/alloc/UniAlloc-rustsec-auto-coverage/docs/evidence/rustsec-typeiso-automatic-20260715/runs/RSH-065/arms/vulnerable/typed_plain/work/subject/mail-internals-0.2.3/src/encoder/mod.rs:82:19
   |
82 |     pub fn writer(&mut self) -> EncodingWriter {
   |                   ^^^^^^^^^     ^^^^^^^^^^^^^^ the same lifetime is hidden here
   |                   |
   |                   the lifetime is elided here
   |
   = help: the same lifetime is referred to in inconsistent ways, making the signature confusing
   = note: `#[warn(mismatched_lifetime_syntaxes)]` on by default
help: use `'_` for type paths
   |
82 |     pub fn writer(&mut self) -> EncodingWriter<'_> {
   |                                               ++++

warning: hiding a lifetime that's elided elsewhere is confusing
   --> /home/hanqing/alloc/UniAlloc-rustsec-auto-coverage/docs/evidence/rustsec-typeiso-automatic-20260715/runs/RSH-065/arms/vulnerable/typed_plain/work/subject/mail-internals-0.2.3/src/encoder/mod.rs:163:28
    |
163 |     pub fn to_string_lossy(&self) -> Cow<str> {
    |                            ^^^^^     ^^^^^^^^ the same lifetime is hidden here
    |                            |
    |                            the lifetime is elided here
    |
    = help: the same lifetime is referred to in inconsistent ways, making the signature confusing
help: use `'_` for type paths
    |
163 |     pub fn to_string_lossy(&self) -> Cow<'_, str> {
    |                                          +++

warning: `mail-internals` (lib) generated 31 warnings (run `cargo fix --lib -p mail-internals` to apply 29 suggestions)
   Compiling rsh-065-harness v0.0.0 (/home/hanqing/alloc/UniAlloc-rustsec-auto-coverage/docs/evidence/rustsec-typeiso-automatic-20260715/runs/RSH-065/arms/vulnerable/typed_plain/work/project)
warning: function `with_vulnerability_edge_identity` is never used
  --> src/witness.rs:20:15
   |
20 | pub(crate) fn with_vulnerability_edge_identity<R>(
   |               ^^^^^^^^^^^^^^^^^^^^^^^^^^^^^^^^
   |
   = note: `#[warn(dead_code)]` (part of `#[warn(unused)]`) on by default

warning: function `report_vulnerability_edge_reuse_denial` is never used
  --> src/witness.rs:29:15
   |
29 | pub(crate) fn report_vulnerability_edge_reuse_denial() {}
   |               ^^^^^^^^^^^^^^^^^^^^^^^^^^^^^^^^^^^^^^

warning: `rsh-065-harness` (bin "rsh-065-harness") generated 2 warnings
    Finished `dev` profile [unoptimized + debuginfo] target(s) in 5.64s
warning: the following packages contain code that will be rejected by a future version of Rust: lut v0.1.0-unstable, nom v3.2.1
note: to see what the problems were, use the option `--future-incompat-report`, or run `cargo report future-incompatibilities --id 1`
