   Compiling either v1.16.0
   Compiling radium v0.3.0
   Compiling bitvec v0.17.3 (/home/hanqing/alloc/UniAlloc-rustsec-auto-coverage/docs/evidence/rustsec-typeiso-automatic-20260715/runs/RSH-002/arms/vulnerable/system/work/subject/bitvec-0.17.3)
warning: unused import: `api::*`
   --> /home/hanqing/alloc/UniAlloc-rustsec-auto-coverage/docs/evidence/rustsec-typeiso-automatic-20260715/runs/RSH-002/arms/vulnerable/system/work/subject/bitvec-0.17.3/src/boxed.rs:382:9
    |
382 | pub use api::*;
    |         ^^^^^^
    |
    = note: `#[warn(unused_imports)]` (part of `#[warn(unused)]`) on by default

warning: unused import: `api::*`
   --> /home/hanqing/alloc/UniAlloc-rustsec-auto-coverage/docs/evidence/rustsec-typeiso-automatic-20260715/runs/RSH-002/arms/vulnerable/system/work/subject/bitvec-0.17.3/src/vec.rs:837:9
    |
837 | pub use api::*;
    |         ^^^^^^

warning: hiding a lifetime that's elided elsewhere is confusing
   --> /home/hanqing/alloc/UniAlloc-rustsec-auto-coverage/docs/evidence/rustsec-typeiso-automatic-20260715/runs/RSH-002/arms/vulnerable/system/work/subject/bitvec-0.17.3/src/slice/api.rs:335:19
    |
335 |     pub fn first_mut(&mut self) -> Option<BitMut<O, T>> {
    |                      ^^^^^^^^^            ^^^^^^^^^^^^ the same lifetime is hidden here
    |                      |
    |                      the lifetime is elided here
    |
    = help: the same lifetime is referred to in inconsistent ways, making the signature confusing
    = note: `#[warn(mismatched_lifetime_syntaxes)]` on by default
help: use `'_` for type paths
    |
335 |     pub fn first_mut(&mut self) -> Option<BitMut<'_, O, T>> {
    |                                                  +++

warning: hiding a lifetime that's elided elsewhere is confusing
   --> /home/hanqing/alloc/UniAlloc-rustsec-auto-coverage/docs/evidence/rustsec-typeiso-automatic-20260715/runs/RSH-002/arms/vulnerable/system/work/subject/bitvec-0.17.3/src/slice/api.rs:380:25
    |
380 |     pub fn split_first_mut(&mut self) -> Option<(BitMut<O, T>, &mut Self)> {
    |                            ^^^^^^^^^             ^^^^^^^^^^^^  ^^^^^^^^^ the same lifetime is elided here
    |                            |                     |
    |                            |                     the same lifetime is hidden here
    |                            the lifetime is elided here
    |
    = help: the same lifetime is referred to in inconsistent ways, making the signature confusing
help: use `'_` for type paths
    |
380 |     pub fn split_first_mut(&mut self) -> Option<(BitMut<'_, O, T>, &mut Self)> {
    |                                                         +++

warning: hiding a lifetime that's elided elsewhere is confusing
   --> /home/hanqing/alloc/UniAlloc-rustsec-auto-coverage/docs/evidence/rustsec-typeiso-automatic-20260715/runs/RSH-002/arms/vulnerable/system/work/subject/bitvec-0.17.3/src/slice/api.rs:431:24
    |
431 |     pub fn split_last_mut(&mut self) -> Option<(BitMut<O, T>, &mut Self)> {
    |                           ^^^^^^^^^             ^^^^^^^^^^^^  ^^^^^^^^^ the same lifetime is elided here
    |                           |                     |
    |                           |                     the same lifetime is hidden here
    |                           the lifetime is elided here
    |
    = help: the same lifetime is referred to in inconsistent ways, making the signature confusing
help: use `'_` for type paths
    |
431 |     pub fn split_last_mut(&mut self) -> Option<(BitMut<'_, O, T>, &mut Self)> {
    |                                                        +++

warning: hiding a lifetime that's elided elsewhere is confusing
   --> /home/hanqing/alloc/UniAlloc-rustsec-auto-coverage/docs/evidence/rustsec-typeiso-automatic-20260715/runs/RSH-002/arms/vulnerable/system/work/subject/bitvec-0.17.3/src/slice/api.rs:472:18
    |
472 |     pub fn last_mut(&mut self) -> Option<BitMut<O, T>> {
    |                     ^^^^^^^^^            ^^^^^^^^^^^^ the same lifetime is hidden here
    |                     |
    |                     the lifetime is elided here
    |
    = help: the same lifetime is referred to in inconsistent ways, making the signature confusing
help: use `'_` for type paths
    |
472 |     pub fn last_mut(&mut self) -> Option<BitMut<'_, O, T>> {
    |                                                 +++

warning: hiding a lifetime that's elided elsewhere is confusing
   --> /home/hanqing/alloc/UniAlloc-rustsec-auto-coverage/docs/evidence/rustsec-typeiso-automatic-20260715/runs/RSH-002/arms/vulnerable/system/work/subject/bitvec-0.17.3/src/slice/api.rs:738:14
    |
738 |     pub fn iter(&self) -> Iter<O, T> {
    |                 ^^^^^     ^^^^^^^^^^ the same lifetime is hidden here
    |                 |
    |                 the lifetime is elided here
    |
    = help: the same lifetime is referred to in inconsistent ways, making the signature confusing
help: use `'_` for type paths
    |
738 |     pub fn iter(&self) -> Iter<'_, O, T> {
    |                                +++

warning: hiding a lifetime that's elided elsewhere is confusing
   --> /home/hanqing/alloc/UniAlloc-rustsec-auto-coverage/docs/evidence/rustsec-typeiso-automatic-20260715/runs/RSH-002/arms/vulnerable/system/work/subject/bitvec-0.17.3/src/slice/api.rs:756:18
    |
756 |     pub fn iter_mut(&mut self) -> IterMut<O, T> {
    |                     ^^^^^^^^^     ^^^^^^^^^^^^^ the same lifetime is hidden here
    |                     |
    |                     the lifetime is elided here
    |
    = help: the same lifetime is referred to in inconsistent ways, making the signature confusing
help: use `'_` for type paths
    |
756 |     pub fn iter_mut(&mut self) -> IterMut<'_, O, T> {
    |                                           +++

warning: hiding a lifetime that's elided elsewhere is confusing
   --> /home/hanqing/alloc/UniAlloc-rustsec-auto-coverage/docs/evidence/rustsec-typeiso-automatic-20260715/runs/RSH-002/arms/vulnerable/system/work/subject/bitvec-0.17.3/src/slice/api.rs:790:17
    |
790 |     pub fn windows(&self, width: usize) -> Windows<O, T> {
    |                    ^^^^^                   ^^^^^^^^^^^^^ the same lifetime is hidden here
    |                    |
    |                    the lifetime is elided here
    |
    = help: the same lifetime is referred to in inconsistent ways, making the signature confusing
help: use `'_` for type paths
    |
790 |     pub fn windows(&self, width: usize) -> Windows<'_, O, T> {
    |                                                    +++

warning: hiding a lifetime that's elided elsewhere is confusing
   --> /home/hanqing/alloc/UniAlloc-rustsec-auto-coverage/docs/evidence/rustsec-typeiso-automatic-20260715/runs/RSH-002/arms/vulnerable/system/work/subject/bitvec-0.17.3/src/slice/api.rs:828:16
    |
828 |     pub fn chunks(&self, chunk_size: usize) -> Chunks<O, T> {
    |                   ^^^^^                        ^^^^^^^^^^^^ the same lifetime is hidden here
    |                   |
    |                   the lifetime is elided here
    |
    = help: the same lifetime is referred to in inconsistent ways, making the signature confusing
help: use `'_` for type paths
    |
828 |     pub fn chunks(&self, chunk_size: usize) -> Chunks<'_, O, T> {
    |                                                       +++

warning: hiding a lifetime that's elided elsewhere is confusing
   --> /home/hanqing/alloc/UniAlloc-rustsec-auto-coverage/docs/evidence/rustsec-typeiso-automatic-20260715/runs/RSH-002/arms/vulnerable/system/work/subject/bitvec-0.17.3/src/slice/api.rs:869:20
    |
869 |     pub fn chunks_mut(&mut self, chunk_size: usize) -> ChunksMut<O, T> {
    |                       ^^^^^^^^^                        ^^^^^^^^^^^^^^^ the same lifetime is hidden here
    |                       |
    |                       the lifetime is elided here
    |
    = help: the same lifetime is referred to in inconsistent ways, making the signature confusing
help: use `'_` for type paths
    |
869 |     pub fn chunks_mut(&mut self, chunk_size: usize) -> ChunksMut<'_, O, T> {
    |                                                                  +++

warning: hiding a lifetime that's elided elsewhere is confusing
   --> /home/hanqing/alloc/UniAlloc-rustsec-auto-coverage/docs/evidence/rustsec-typeiso-automatic-20260715/runs/RSH-002/arms/vulnerable/system/work/subject/bitvec-0.17.3/src/slice/api.rs:911:22
    |
911 |     pub fn chunks_exact(&self, chunk_size: usize) -> ChunksExact<O, T> {
    |                         ^^^^^                        ^^^^^^^^^^^^^^^^^ the same lifetime is hidden here
    |                         |
    |                         the lifetime is elided here
    |
    = help: the same lifetime is referred to in inconsistent ways, making the signature confusing
help: use `'_` for type paths
    |
911 |     pub fn chunks_exact(&self, chunk_size: usize) -> ChunksExact<'_, O, T> {
    |                                                                  +++

warning: hiding a lifetime that's elided elsewhere is confusing
   --> /home/hanqing/alloc/UniAlloc-rustsec-auto-coverage/docs/evidence/rustsec-typeiso-automatic-20260715/runs/RSH-002/arms/vulnerable/system/work/subject/bitvec-0.17.3/src/slice/api.rs:964:26
    |
964 |     pub fn chunks_exact_mut(&mut self, chunk_size: usize) -> ChunksExactMut<O, T> {
    |                             ^^^^^^^^^                        ^^^^^^^^^^^^^^^^^^^^ the same lifetime is hidden here
    |                             |
    |                             the lifetime is elided here
    |
    = help: the same lifetime is referred to in inconsistent ways, making the signature confusing
help: use `'_` for type paths
    |
964 |     pub fn chunks_exact_mut(&mut self, chunk_size: usize) -> ChunksExactMut<'_, O, T> {
    |                                                                             +++

warning: hiding a lifetime that's elided elsewhere is confusing
    --> /home/hanqing/alloc/UniAlloc-rustsec-auto-coverage/docs/evidence/rustsec-typeiso-automatic-20260715/runs/RSH-002/arms/vulnerable/system/work/subject/bitvec-0.17.3/src/slice/api.rs:1007:17
     |
1007 |     pub fn rchunks(&self, chunk_size: usize) -> RChunks<O, T> {
     |                    ^^^^^                        ^^^^^^^^^^^^^ the same lifetime is hidden here
     |                    |
     |                    the lifetime is elided here
     |
     = help: the same lifetime is referred to in inconsistent ways, making the signature confusing
help: use `'_` for type paths
     |
1007 |     pub fn rchunks(&self, chunk_size: usize) -> RChunks<'_, O, T> {
     |                                                         +++

warning: hiding a lifetime that's elided elsewhere is confusing
    --> /home/hanqing/alloc/UniAlloc-rustsec-auto-coverage/docs/evidence/rustsec-typeiso-automatic-20260715/runs/RSH-002/arms/vulnerable/system/work/subject/bitvec-0.17.3/src/slice/api.rs:1049:21
     |
1049 |     pub fn rchunks_mut(&mut self, chunk_size: usize) -> RChunksMut<O, T> {
     |                        ^^^^^^^^^                        ^^^^^^^^^^^^^^^^ the same lifetime is hidden here
     |                        |
     |                        the lifetime is elided here
     |
     = help: the same lifetime is referred to in inconsistent ways, making the signature confusing
help: use `'_` for type paths
     |
1049 |     pub fn rchunks_mut(&mut self, chunk_size: usize) -> RChunksMut<'_, O, T> {
     |                                                                    +++

warning: hiding a lifetime that's elided elsewhere is confusing
    --> /home/hanqing/alloc/UniAlloc-rustsec-auto-coverage/docs/evidence/rustsec-typeiso-automatic-20260715/runs/RSH-002/arms/vulnerable/system/work/subject/bitvec-0.17.3/src/slice/api.rs:1092:23
     |
1092 |     pub fn rchunks_exact(&self, chunk_size: usize) -> RChunksExact<O, T> {
     |                          ^^^^^                        ^^^^^^^^^^^^^^^^^^ the same lifetime is hidden here
     |                          |
     |                          the lifetime is elided here
     |
     = help: the same lifetime is referred to in inconsistent ways, making the signature confusing
help: use `'_` for type paths
     |
1092 |     pub fn rchunks_exact(&self, chunk_size: usize) -> RChunksExact<'_, O, T> {
     |                                                                    +++

warning: hiding a lifetime that's elided elsewhere is confusing
    --> /home/hanqing/alloc/UniAlloc-rustsec-auto-coverage/docs/evidence/rustsec-typeiso-automatic-20260715/runs/RSH-002/arms/vulnerable/system/work/subject/bitvec-0.17.3/src/slice/api.rs:1143:27
     |
1143 |     pub fn rchunks_exact_mut(&mut self, chunk_size: usize) -> RChunksExactMut<O, T> {
     |                              ^^^^^^^^^                        ^^^^^^^^^^^^^^^^^^^^^ the same lifetime is hidden here
     |                              |
     |                              the lifetime is elided here
     |
     = help: the same lifetime is referred to in inconsistent ways, making the signature confusing
help: use `'_` for type paths
     |
1143 |     pub fn rchunks_exact_mut(&mut self, chunk_size: usize) -> RChunksExactMut<'_, O, T> {
     |                                                                               +++

warning: hiding a lifetime that's elided elsewhere is confusing
   --> /home/hanqing/alloc/UniAlloc-rustsec-auto-coverage/docs/evidence/rustsec-typeiso-automatic-20260715/runs/RSH-002/arms/vulnerable/system/work/subject/bitvec-0.17.3/src/vec/api.rs:570:18
    |
570 |     pub fn drain<R>(&mut self, range: R) -> Drain<O, T>
    |                     ^^^^^^^^^               ^^^^^^^^^^^ the same lifetime is hidden here
    |                     |
    |                     the lifetime is elided here
    |
    = help: the same lifetime is referred to in inconsistent ways, making the signature confusing
help: use `'_` for type paths
    |
570 |     pub fn drain<R>(&mut self, range: R) -> Drain<'_, O, T>
    |                                                   +++

warning: hiding a lifetime that's elided elsewhere is confusing
   --> /home/hanqing/alloc/UniAlloc-rustsec-auto-coverage/docs/evidence/rustsec-typeiso-automatic-20260715/runs/RSH-002/arms/vulnerable/system/work/subject/bitvec-0.17.3/src/vec/api.rs:809:3
    |
809 |         &mut self,
    |         ^^^^^^^^^ the lifetime is elided here
...
812 |     ) -> Splice<O, T, <I as IntoIterator>::IntoIter>
    |          ^^^^^^^^^^^^^^^^^^^^^^^^^^^^^^^^^^^^^^^^^^^ the same lifetime is hidden here
    |
    = help: the same lifetime is referred to in inconsistent ways, making the signature confusing
help: use `'_` for type paths
    |
812 |     ) -> Splice<'_, O, T, <I as IntoIterator>::IntoIter>
    |                 +++

warning: `bitvec` (lib) generated 19 warnings (run `cargo fix --lib -p bitvec` to apply 19 suggestions)
   Compiling rsh-002-harness v0.0.0 (/home/hanqing/alloc/UniAlloc-rustsec-auto-coverage/docs/evidence/rustsec-typeiso-automatic-20260715/runs/RSH-002/arms/vulnerable/system/work/project)
warning: function `with_vulnerability_edge_identity` is never used
  --> src/witness.rs:20:15
   |
20 | pub(crate) fn with_vulnerability_edge_identity<R>(
   |               ^^^^^^^^^^^^^^^^^^^^^^^^^^^^^^^^
   |
   = note: `#[warn(dead_code)]` (part of `#[warn(unused)]`) on by default

warning: function `report_vulnerability_edge_reuse_denial` is never used
  --> src/witness.rs:29:15
   |
29 | pub(crate) fn report_vulnerability_edge_reuse_denial() {}
   |               ^^^^^^^^^^^^^^^^^^^^^^^^^^^^^^^^^^^^^^

warning: `rsh-002-harness` (bin "rsh-002-harness") generated 2 warnings
    Finished `dev` profile [unoptimized + debuginfo] target(s) in 0.74s
