   Compiling pared v0.3.0 (/home/hanqing/alloc/UniAlloc-rustsec-auto-coverage/docs/evidence/rustsec-typeiso-automatic-20260715/runs/RSH-068/arms/vulnerable/system/work/subject/pared-0.3.0)
warning: unexpected `cfg` condition name: `coverage_nightly`
  --> /home/hanqing/alloc/UniAlloc-rustsec-auto-coverage/docs/evidence/rustsec-typeiso-automatic-20260715/runs/RSH-068/arms/vulnerable/system/work/subject/pared-0.3.0/src/lib.rs:41:13
   |
41 | #![cfg_attr(coverage_nightly, feature(coverage_attribute))]
   |             ^^^^^^^^^^^^^^^^
   |
   = help: expected names are: `docsrs`, `feature`, and `test` and 32 more
   = help: consider using a Cargo feature instead
   = help: or consider adding in `Cargo.toml` the `check-cfg` lint config for the lint:
            [lints.rust]
            unexpected_cfgs = { level = "warn", check-cfg = ['cfg(coverage_nightly)'] }
   = help: or consider adding `println!("cargo::rustc-check-cfg=cfg(coverage_nightly)");` to the top of the `build.rs`
   = note: see <https://doc.rust-lang.org/nightly/rustc/check-cfg/cargo-specifics.html> for more information about checking conditional configuration
   = note: `#[warn(unexpected_cfgs)]` on by default

warning: `pared` (lib) generated 1 warning
   Compiling rsh-068-harness v0.0.0 (/home/hanqing/alloc/UniAlloc-rustsec-auto-coverage/docs/evidence/rustsec-typeiso-automatic-20260715/runs/RSH-068/arms/vulnerable/system/work/project)
warning: function `with_vulnerability_edge_identity` is never used
  --> src/witness.rs:21:15
   |
21 | pub(crate) fn with_vulnerability_edge_identity<R>(
   |               ^^^^^^^^^^^^^^^^^^^^^^^^^^^^^^^^
   |
   = note: `#[warn(dead_code)]` (part of `#[warn(unused)]`) on by default

warning: function `report_vulnerability_edge_reuse_denial` is never used
  --> src/witness.rs:30:15
   |
30 | pub(crate) fn report_vulnerability_edge_reuse_denial() {}
   |               ^^^^^^^^^^^^^^^^^^^^^^^^^^^^^^^^^^^^^^

warning: `rsh-068-harness` (bin "rsh-068-harness") generated 2 warnings
    Finished `dev` profile [unoptimized + debuginfo] target(s) in 0.23s
