   Compiling shlex v2.0.1
   Compiling find-msvc-tools v0.1.9
   Compiling proc-macro2 v1.0.106
   Compiling pkg-config v0.3.33
   Compiling cc v1.2.67
   Compiling quote v1.0.46
   Compiling unicode-ident v1.0.24
   Compiling vcpkg v0.2.15
   Compiling libc v0.2.186
   Compiling openssl v0.10.69 (/home/hanqing/alloc/UniAlloc-rustsec-auto-coverage/docs/evidence/rustsec-typeiso-automatic-20260715/runs/RSH-067/arms/vulnerable/typed_plain/work/subject/openssl-0.10.69)
   Compiling syn v2.0.118
   Compiling foreign-types-shared v0.1.1
   Compiling foreign-types v0.3.2
   Compiling bitflags v2.13.0
   Compiling openssl-sys v0.9.117
   Compiling cfg-if v1.0.4
   Compiling once_cell v1.21.4
   Compiling openssl-macros v0.1.1
   Compiling rsh-067-harness v0.0.0 (/home/hanqing/alloc/UniAlloc-rustsec-auto-coverage/docs/evidence/rustsec-typeiso-automatic-20260715/runs/RSH-067/arms/vulnerable/typed_plain/work/project)
warning: function `with_vulnerability_edge_identity` is never used
  --> src/witness.rs:24:15
   |
24 | pub(crate) fn with_vulnerability_edge_identity<R>(
   |               ^^^^^^^^^^^^^^^^^^^^^^^^^^^^^^^^
   |
   = note: `#[warn(dead_code)]` (part of `#[warn(unused)]`) on by default

warning: function `report_vulnerability_edge_reuse_denial` is never used
  --> src/witness.rs:33:15
   |
33 | pub(crate) fn report_vulnerability_edge_reuse_denial() {}
   |               ^^^^^^^^^^^^^^^^^^^^^^^^^^^^^^^^^^^^^^

warning: `rsh-067-harness` (bin "rsh-067-harness") generated 2 warnings
    Finished `dev` profile [unoptimized + debuginfo] target(s) in 7.41s
