warning: ../subject/string-interner-0.7.0/Cargo.toml: `package.edition` is unspecified, defaulting to `2015` while the latest is `2024`
warning: `string-interner` (manifest) generated 1 warning
   Compiling serde_core v1.0.228
   Compiling serde v1.0.228
   Compiling string-interner v0.7.0 (/home/hanqing/alloc/UniAlloc-rustsec-auto-coverage/docs/evidence/rustsec-typeiso-automatic-20260715/runs/RSH-052/arms/vulnerable/typeiso/work/subject/string-interner-0.7.0)
warning: hiding a lifetime that's elided elsewhere is confusing
   --> /home/hanqing/alloc/UniAlloc-rustsec-auto-coverage/docs/evidence/rustsec-typeiso-automatic-20260715/runs/RSH-052/arms/vulnerable/typeiso/work/subject/string-interner-0.7.0/src/lib.rs:395:14
    |
395 |     pub fn iter(&self) -> Iter<S> {
    |                 ^^^^^     ^^^^^^^ the same lifetime is hidden here
    |                 |
    |                 the lifetime is elided here
    |
    = help: the same lifetime is referred to in inconsistent ways, making the signature confusing
    = note: `#[warn(mismatched_lifetime_syntaxes)]` on by default
help: use `'_` for type paths
    |
395 |     pub fn iter(&self) -> Iter<'_, S> {
    |                                +++

warning: hiding a lifetime that's elided elsewhere is confusing
   --> /home/hanqing/alloc/UniAlloc-rustsec-auto-coverage/docs/evidence/rustsec-typeiso-automatic-20260715/runs/RSH-052/arms/vulnerable/typeiso/work/subject/string-interner-0.7.0/src/lib.rs:401:21
    |
401 |     pub fn iter_values(&self) -> Values<S> {
    |                        ^^^^^     ^^^^^^^^^ the same lifetime is hidden here
    |                        |
    |                        the lifetime is elided here
    |
    = help: the same lifetime is referred to in inconsistent ways, making the signature confusing
help: use `'_` for type paths
    |
401 |     pub fn iter_values(&self) -> Values<'_, S> {
    |                                         +++

warning: `string-interner` (lib) generated 2 warnings (run `cargo fix --lib -p string-interner` to apply 2 suggestions)
   Compiling rsh-052-harness v0.0.0 (/home/hanqing/alloc/UniAlloc-rustsec-auto-coverage/docs/evidence/rustsec-typeiso-automatic-20260715/runs/RSH-052/arms/vulnerable/typeiso/work/project)
warning: function `with_vulnerability_edge_identity` is never used
  --> src/witness.rs:21:15
   |
21 | pub(crate) fn with_vulnerability_edge_identity<R>(
   |               ^^^^^^^^^^^^^^^^^^^^^^^^^^^^^^^^
   |
   = note: `#[warn(dead_code)]` (part of `#[warn(unused)]`) on by default

warning: function `report_vulnerability_edge_reuse_denial` is never used
  --> src/witness.rs:30:15
   |
30 | pub(crate) fn report_vulnerability_edge_reuse_denial() {}
   |               ^^^^^^^^^^^^^^^^^^^^^^^^^^^^^^^^^^^^^^

warning: `rsh-052-harness` (bin "rsh-052-harness") generated 2 warnings
    Finished `dev` profile [unoptimized + debuginfo] target(s) in 3.24s
